// Vitest Snapshot v1, https://vitest.dev/guide/snapshot.html

exports[`transformFile 1`] = `
"import { createImport } from '../../src'

/** auto-import-helper */
export default createImport('name', ["oneType","getTwoType"])
"
`;

exports[`transformString 1`] = `
"
/** auto-import-helper */
const foo = ["bar"]
"
`;
